// Jest Snapshot v1, https://goo.gl/fbAQLP

exports[`TransactionDetailCard should render correctly 1`] = `
<View
  collapsable={false}
  style={
    {
      "backgroundColor": "#f5f5f5",
      "borderRadius": 16,
      "marginBottom": 24,
      "shadowColor": "#000",
      "shadowOffset": {
        "height": 1,
        "width": 0,
      },
      "shadowOpacity": 0.15,
      "shadowRadius": 3,
    }
  }
  testID="transaction-detail-card-container-outer-layer"
>
  <View
    collapsable={false}
    style={
      {
        "backgroundColor": "#f5f5f5",
        "borderRadius": 16,
        "elevation": 2,
        "flex": undefined,
        "padding": 16,
        "shadowColor": "#000",
        "shadowOffset": {
          "height": 1,
          "width": 0,
        },
        "shadowOpacity": 0.3,
        "shadowRadius": 1,
      }
    }
    testID="transaction-detail-card-container"
  >
    <View
      style={
        [
          {
            "flexShrink": 1,
          },
          undefined,
        ]
      }
      testID="transaction-detail-card"
    >
      <View
        style={
          [
            {
              "alignItems": "center",
              "flexDirection": "row",
              "justifyContent": "space-between",
              "paddingLeft": 16,
            },
            {
              "minHeight": 72,
            },
            {
              "color": "#333333",
              "fontSize": 18,
              "fontWeight": "bold",
              "marginBottom": 8,
            },
          ]
        }
      >
        <View
          style={
            [
              {
                "height": 40,
                "justifyContent": "center",
                "marginRight": 16,
                "width": 40,
              },
              undefined,
            ]
          }
        >
          <View
            style={
              [
                {
                  "backgroundColor": "#4d539bff",
                  "borderRadius": 20,
                  "height": 40,
                  "width": 40,
                },
                {
                  "alignItems": "center",
                  "justifyContent": "center",
                },
                {
                  "marginRight": 12,
                },
              ]
            }
            testID="transaction-detail-icon"
          >
            <Text
              accessibilityElementsHidden={true}
              importantForAccessibility="no-hide-descendants"
              pointerEvents="none"
              selectable={false}
              style={
                [
                  {
                    "backgroundColor": "transparent",
                  },
                  {
                    "color": "#ffffff",
                    "fontSize": 24,
                  },
                ]
              }
            >
              □
            </Text>
          </View>
        </View>
        <View
          style={
            [
              {
                "flex": 1,
                "flexDirection": "column",
                "justifyContent": "center",
              },
            ]
          }
        >
          <Text
            numberOfLines={1}
            style={
              [
                {
                  "textAlign": "left",
                },
                {
                  "color": "rgba(28, 27, 31, 1)",
                  "writingDirection": "ltr",
                },
                [
                  {
                    "fontFamily": "System",
                    "fontSize": 16,
                    "fontWeight": "400",
                    "letterSpacing": 0.15,
                    "lineHeight": 24,
                  },
                  [
                    {
                      "minHeight": 30,
                      "paddingRight": 16,
                    },
                    {
                      "marginBottom": 2,
                    },
                    undefined,
                  ],
                ],
              ]
            }
          >
            Descrição
          </Text>
        </View>
        <View />
      </View>
      <View
        borderRadiusStyles={
          {
            "borderRadius": 16,
          }
        }
        style={
          [
            {
              "paddingHorizontal": 16,
            },
            {
              "paddingBottom": 16,
            },
            undefined,
          ]
        }
      >
        <Text
          style={
            [
              {
                "textAlign": "left",
              },
              {
                "color": "rgba(28, 27, 31, 1)",
                "fontFamily": "System",
                "fontWeight": "400",
                "letterSpacing": 0,
              },
              {
                "writingDirection": "ltr",
              },
              {
                "color": "#333333",
                "fontSize": 14,
                "marginBottom": 8,
              },
            ]
          }
          testID="transaction-detail-description"
        >
          Descrição
        </Text>
        <Text
          style={
            [
              {
                "textAlign": "left",
              },
              {
                "color": "rgba(28, 27, 31, 1)",
                "fontFamily": "System",
                "fontWeight": "400",
                "letterSpacing": 0,
              },
              {
                "writingDirection": "ltr",
              },
              {
                "color": "#00c853",
                "fontSize": 16,
                "fontWeight": "bold",
                "marginBottom": 8,
              },
            ]
          }
          testID="transaction-detail-amount"
        >
          R$ 0,00
        </Text>
        <Text
          style={
            [
              {
                "textAlign": "left",
              },
              {
                "color": "rgba(28, 27, 31, 1)",
                "fontFamily": "System",
                "fontWeight": "400",
                "letterSpacing": 0,
              },
              {
                "writingDirection": "ltr",
              },
              {
                "color": "#333333",
                "fontSize": 14,
                "marginTop": 4,
              },
            ]
          }
          testID="transaction-detail-currency"
        >
          Título
        </Text>
      </View>
    </View>
  </View>
</View>
`;
